// Jest Snapshot v1, https://goo.gl/fbAQLP

exports[`Carousel Carousel Snapshot 1`] = `
<section
  role="row"
  style={
    Object {
      "padding": "0 10px",
    }
  }
>
  <r
    activePosition="left"
    alwaysShowChevrons={false}
    calculateActualTranslateX={[Function]}
    chevronWidth={10}
    className="carousel"
    classes={Object {}}
    disableSwipe={false}
    enablePlaceholder={false}
    firstAndLastGutter={false}
    gutter={20}
    infiniteLoop={false}
    leftChevron={
      <button
        className="carousel-chevron"
      >
        &lt;
      </button>
    }
    numberOfCards={4}
    numberOfPlaceholderItems={0}
    onActiveStateChange={null}
    outsideChevron={true}
    placeholderItem={null}
    rightChevron={
      <button
        className="carousel-chevron"
      >
        &gt;
      </button>
    }
    showSlither={false}
    slidesToScroll={1}
  />
</section>
`;
